# dynlibs/os

BLOSDynLoad_Acquire = 0x0262a824;
BOSDynLoad_FindExport = 0x0262acc0;

# null stubs (-> abort)

# for imgui, never actually called
__gh_float_scanf = 0x026b0af0;
sscanf = 0x026b0af0;

# ghs / stdlib

__pure_virtual_called = 0x026b0ac0;

vsnprintf = 0x026b2ca8;
__gh_float_printf = 0x026b1efc;
__record_needed_destruction = 0x026b0a98;
__gh_memclr32 = 0x026b6740;
sinf = 0x026b51c4;
cosf = 0x026b59f8;
__vec_new = 0x026b0800;
sprintf = 0x026b2dcc;
snprintf = 0x026b2d08;
sqrtf = 0x026b5150;
ceilf = 0x026b4f7c;
floorf = 0x026b4ee0;
powf = 0x026b532c;
log = 0x026b4840;
pow = 0x026b4530;
__gh_long_long_printf = 0x026b1ad8;
logf = 0x026b55d4;
atan2f = 0x026b5b40;
fmodf = 0x026b4e00;
__idcvt = 0x026b6d48;
__ifcvt = 0x026b6d8c;
__va_arg = 0x026b6ba4;
__vec_delete = 0x026b0940;
strlen = 0x026b18ec;
flockfile = 0x026b33fc;
funlockfile = 0x026b3424;
qsort = 0x026b4190;
acosf = 0x026b5d38;
putc_unlocked = 0x026b4504;
__gh_memclr = 0x026b679c;
_savefpr_25_l_ps = 0x026b6f08;
_savefpr_28_l_ps = 0x026b6f2c;
_savefpr_29_l_ps = 0x026b6f38;
_savefpr_30_l_ps = 0x026b6f44;
_savefpr_31_l_ps = 0x026b6f50;
_restfpr_25_l_ps = 0x026b6fbc;
_restfpr_28_l_ps = 0x026b6fd4;
_restfpr_29_l_ps = 0x026b6fdc;
_restfpr_30_l_ps = 0x026b6fe4;
_restfpr_31_l_ps = 0x026b6fec;
_restgpr_18_l = 0x026b7118;
_restgpr_19_l = 0x026b711c;
_restgpr_22 = 0x026b7080;
_restgpr_25_l = 0x026b7134;
_restgpr_28_l = 0x026b7140;
_restgpr_29 = 0x026b709c;
_restgpr_30_l = 0x026b7148;
_restgpr_31 = 0x026b70a4;
_restgpr_31_l = 0x026b714c;
_restsmall_24 = 0x026b6cf0;
_savegpr_18_l = 0x026b70c0;
_savegpr_19_l = 0x026b70c4;
_savegpr_22 = 0x026b702c;
_savegpr_25_l = 0x026b70dc;
_savegpr_28_l = 0x026b70e8;
_savegpr_29 = 0x026b7048;
_savegpr_30_l = 0x026b70f0;
_savegpr_31 = 0x026b7050;
_savegpr_31_l = 0x026b70f4;
_savesmall_24 = 0x026b6cdc;

# sead/basis/seadNew

__nw__FUi = 0x02369190;
__nw__FUiPQ2_4sead4Heapi = 0x023694d0;
__nwa__FUiPQ2_4sead4Heapi = 0x02369554;

# sead/container/seadPtrArray

allocBuffer__Q2_4sead12PtrArrayImplFiPQ2_4sead4HeapT1 = 0x02369bd8;

# sead/heap/seadDisposer

__ct__Q2_4sead9IDisposerFv = 0x0237985c;
__dt__Q2_4sead9IDisposerFv = 0x023799c4;

# sead/heap/seadExpHeap

tryCreate__Q2_4sead7ExpHeapSFUiRCQ2_4sead23SafeStringBase__tm__2_cPQ2_4sead4HeapiQ3_4sead4Heap13HeapDirectionb = 0x02379df0;

# sead/heap/seadHeapMgr

setCurrentHeap___Q2_4sead7HeapMgrFPQ2_4sead4Heap = 0x0237cb78;
sInstancePtr__Q2_4sead7HeapMgr = 0x103be940;
sRootHeaps__Q2_4sead7HeapMgr = 0x10c027f8;

# sead/prim/seadSafeString

__vtbl__Q2_4sead23SafeStringBase__tm__2_c = 0x10285d50;

# sead/thread/seadCriticalSection

lock__Q2_4sead15CriticalSectionFv = 0x02385858;
unlock__Q2_4sead15CriticalSectionFv = 0x0238588c;

# al/Collision/CollisionDirector

validateCollisionParts__2alFPQ2_2al9LiveActor = 0x02436db0;
invalidateCollisionParts__2alFPQ2_2al9LiveActor = 0x02436e30;

# al/Factory/Factory

createActorFunction__tm__6_4Coin__2alFPCc_PQ2_2al9LiveActor = 0x022d0b80;
createActorFunction__tm__8_6Togezo__2alFPCc_PQ2_2al9LiveActor = 0x022d2c84;

__ct__Q2_2al12ActorFactoryFPCc = 0x02498068;

# al/LiveActor/ActorActionFunction

startAction__2alFPQ2_2al9LiveActorPCc = 0x023f8f50;
isActionEnd__2alFPCQ2_2al9LiveActor = 0x023f928c;

startHitReactionDeath__2alFPCQ2_2al9LiveActor = 0x023f9c00;

# al/LiveActor/ActorInitFunction

initActor__2alFPQ2_2al9LiveActorRCQ2_2al13ActorInitInfo = 0x023ff6a0;
initActorWithArchiveName__2alFPQ2_2al9LiveActorRCQ2_2al13ActorInitInfoRCQ2_4sead23SafeStringBase__tm__2_cPCc = 0x023ff91c;

initNerve__2alFPQ2_2al9LiveActorPCQ2_2al5Nervei = 0x024006b0;
initNerveState__2alFPQ2_2al9IUseNervePQ2_2al14NerveStateBasePCQ2_2al5NervePCc = 0x02441aa4;

# al/LiveActor/ActorPoseKeeper

getTrans__2alFPCQ2_2al9LiveActor = 0x024068e4;
getTransPtr__2alFPQ2_2al9LiveActor = 0x02406b1c;
getFront__2alFPCQ2_2al9LiveActor = 0x02406f40;
getFrontPtr__2alFPQ2_2al9LiveActor = 0x02406f54;

# al/LiveActor/ActorSensorFunction

getSensorHost__2alFPCQ2_2al9HitSensor = 0x02409364;

# al/LiveActor/ActorSensorMsgFunction

isMsgPlayerFloorTouch__2alFPCQ2_2al9SensorMsg = 0x0240c9cc;

isSensorPlayer__2alFPCQ2_2al9HitSensor = 0x0240f470;

# al/LiveActor/LiveActor

getEffectKeeper__Q2_2al9LiveActorCFv = 0x02414e6c;
getAudioKeeper__Q2_2al9LiveActorCFv = 0x02414e74;
getName__Q2_2al9LiveActorCFv = 0x02414e7c;
getStageSwitchKeeper__Q2_2al9LiveActorCFv = 0x02414e84;
initStageSwitchKeeper__Q2_2al9LiveActorFv = 0x02413e8c;
getSceneObjHolder__Q2_2al9LiveActorCFv = 0x02413ed4;
getAreaObjDirector__Q2_2al9LiveActorCFv = 0x02413ee8;
getSceneCameraInfo__Q2_2al9LiveActorCFv = 0x02413f04;
getCollisionDirector__Q2_2al9LiveActorCFv = 0x02413f30;
__ct__Q2_2al9LiveActorFPCvPCc = 0x02413f44;
getNerveKeeper__Q2_2al9LiveActorCFv = 0x02414ea8;
initAfterPlacement__Q2_2al9LiveActorFv = 0x02414100;
appear__Q2_2al9LiveActorFv = 0x0241413c;
makeActorAppeared__Q2_2al9LiveActorFv = 0x02414194;
kill__Q2_2al9LiveActorFv = 0x0241432c;
makeActorDead__Q2_2al9LiveActorFv = 0x0241433c;
movement__Q2_2al9LiveActorFv = 0x024144a8;
calcAnim__Q2_2al9LiveActorFv = 0x024146a0;
draw__Q2_2al9LiveActorFv = 0x02414e90;
startClipped__Q2_2al9LiveActorFv = 0x02414714;
endClipped__Q2_2al9LiveActorFv = 0x02414898;
attackSensor__Q2_2al9LiveActorFPQ2_2al9HitSensorT1 = 0x02414e94;
receiveMsg__Q2_2al9LiveActorFPCQ2_2al9SensorMsgPQ2_2al9HitSensorT2 = 0x02414e98;
receiveMsgScreenPoint__Q2_2al9LiveActorFPCQ2_2al9SensorMsgPQ2_2al13ScreenPointerPQ2_2al17ScreenPointTarget = 0x02414ea0;
getBaseMtx__Q2_2al9LiveActorCFv = 0x02414a58;
control__Q2_2al9LiveActorFv = 0x02414eb0;
unk__Q2_2al9LiveActorFv = 0x026b0b48;
FUN_02414d4c__Q2_2al9LiveActorFv = 0x02414d4c;

# al/Math/MathLerpUtil

__CPR71__lerpVec__2alFPQ2_4sead16Vector3__tm__2_fRCQ2_J17JJ22JT2f = 0x023eded0;

# al/Nerve/NerveUtil

setNerve__2alFPQ2_2al9IUseNervePCQ2_2al5Nerve = 0x02441158;
isNerve__2alFPCQ2_2al9IUseNervePCQ2_2al5Nerve = 0x02441238;
getNerveStep__2alFPCQ2_2al9IUseNerve = 0x0244118c;
isFirstStep__2alFPCQ2_2al9IUseNerve = 0x02441274;
updateNerveState__2alFPQ2_2al9IUseNerve = 0x02441b90;

# al/Placement/PlacementUtil

tryGetArg__2alFPbRCQ2_2al13ActorInitInfoPCc = 0x0248c4b4;
tryGetArg__2alFPfRCQ2_2al13ActorInitInfoPCc = 0x0248c49c;

# al/Rail/RailUtil

isExistRail__2alFPCQ2_2al9LiveActor = 0x024437dc;

moveSyncRailLoop__2alFPCQ2_2al9LiveActorf = 0x02443540;

getRailDir__2alFPCQ2_2al9LiveActor = 0x02443384;

# Game/Enemy/EnemyStateBlowDown

__ct__23EnemyStateBlowDownParamFb = 0x020a2ba4;
__ct__18EnemyStateBlowDownFPQ2_2al9LiveActorPC23EnemyStateBlowDownParam = 0x020a2e64;

# Game/Enemy/EnemyStateUtil

isMsgBlowDown__2rcFPCQ2_2al9SensorMsg = 0x020a3758;
tryRequestBlowDownAndNextNerve__2rcFPCQ2_2al9SensorMsgPCQ2_2al9HitSensorT2P18EnemyStateBlowDownPCQ2_2al5Nerveb = 0x020a3b64;
tryRequestPressDownAndNextNerve__2rcFPCQ2_2al9SensorMsgPCQ2_2al9HitSensorT2PQ2_2al9LiveActorPCQ2_2al5Nerveb = 0x020a36e8;

# Game/Enemy/TargetFinder

__ct__12TargetFinderFPQ2_2al9LiveActorPC17TargetFinderParam = 0x02106690;
__ct__17TargetFinderParamFfN21UiN41b = 0x02106574;

update__12TargetFinderFv = 0x02106f7c;

# Game/Enemy/WalkerStateChase

__ct__21WalkerStateChaseParamFfN41bT6PCcT8T1 = 0x0211689c;
__ct__16WalkerStateChaseFPQ2_2al9LiveActorPQ2_4sead16Vector3__tm__2_fP12TargetFinderPC16WalkerStateParamPC21WalkerStateChaseParambPb = 0x02116bbc;

# Game/Enemy/WalkerStateFindPlayer

__ct__26WalkerStateFindPlayerParamFifbPCc = 0x0211753c;
__ct__21WalkerStateFindPlayerFPQ2_2al9LiveActorPQ2_4sead16Vector3__tm__2_fP12TargetFinderPC16WalkerStateParamPC26WalkerStateFindPlayerParamPC20WalkerStateJumpParam = 0x021176bc;

# Game/Enemy/WalkerStateParam

__ct__16WalkerStateParamFfN71 = 0x02118b88;

# Game/Enemy/WalkerStateRailMove

__ct__19WalkerStateRailMoveFPQ2_2al9LiveActorPC16WalkerStateParamPC24WalkerStateRailMoveParam = 0x02119190;
__ct__24WalkerStateRailMoveParamFf = 0x02118eb0;

# Game/Enemy/WalkerStateWander

__ct__22WalkerStateWanderParamFiT1fN33bPCcT8 = 0x0211a4a8;
__ct__17WalkerStateWanderFPQ2_2al9LiveActorPQ2_4sead16Vector3__tm__2_fPC16WalkerStateParamPC22WalkerStateWanderParamP12TargetFinder = 0x0211a770;

# Game/Factory/ProjectActorFactory

__ct__19ProjectActorFactoryFv = 0x022cf6c0;
sActorEntries__19ProjectActorFactory = 0x10326550;

# Game/Player/PlayerActionGraphBuilder

__ct__24PlayerActionGraphBuilderFv = 0x02259c0c;
